Using pre-set license
Built from '2020.2/release' branch; Version is '2020.2.4f1 (becced5a802b) revision 12504301'; Using compiler version '192528614'; Build Type 'Release'
OS: 'Windows 10 Home Single Language; OS build 26200.9457; Version 2009; 64bit' Language: 'es' Physical Memory: 11992 MB
BatchMode: 1, IsHumanControllingUs: 0, StartBugReporterOnCrash: 0, Is64bit: 1, IsPro: 0

 COMMAND LINE ARGUMENTS:
C:\Program Files\Unity\Hub\Editor\2020.2.4f1\Editor\Unity.exe
-adb2
-batchMode
-noUpm
-name
AssetImportWorker0
-projectPath
C:/Users/juane/OneDrive/Escritorio/nodulus_AudioProcedural
-logFile
Logs/AssetImportWorker0.log
-srvPort
55747
Successfully changed project path to: C:/Users/juane/OneDrive/Escritorio/nodulus_AudioProcedural
C:/Users/juane/OneDrive/Escritorio/nodulus_AudioProcedural
Using Asset Import Pipeline V2.
Refreshing native plugins compatible for Editor in 62.31 ms, found 0 plugins.
Preloading 0 native plugins for Editor in 0.00 ms.
Initialize engine version: 2020.2.4f1 (becced5a802b)
[Subsystems] Discovering subsystems at path C:/Program Files/Unity/Hub/Editor/2020.2.4f1/Editor/Data/Resources/UnitySubsystems
[Subsystems] Discovering subsystems at path C:/Users/juane/OneDrive/Escritorio/nodulus_AudioProcedural/Assets
GfxDevice: creating device client; threaded=0
Direct3D:
    Version:  Direct3D 11.0 [level 11.1]
    Renderer: NVIDIA GeForce RTX 3050 Laptop GPU (ID=0x25a2)
    Vendor:   
    VRAM:     3962 MB
    Driver:   32.0.16.1692
Initialize mono
Mono path[0] = 'C:/Program Files/Unity/Hub/Editor/2020.2.4f1/Editor/Data/Managed'
Mono path[1] = 'C:/Program Files/Unity/Hub/Editor/2020.2.4f1/Editor/Data/MonoBleedingEdge/lib/mono/unityjit'
Mono config path = 'C:/Program Files/Unity/Hub/Editor/2020.2.4f1/Editor/Data/MonoBleedingEdge/etc'
Using monoOptions --debugger-agent=transport=dt_socket,embedding=1,server=y,suspend=n,address=127.0.0.1:56112
Begin MonoManager ReloadAssembly
Registering precompiled unity dll's ...
Register platform support module: C:/Program Files/Unity/Hub/Editor/2020.2.4f1/Editor/Data/PlaybackEngines/WebGLSupport/UnityEditor.WebGL.Extensions.dll
Register platform support module: C:/Program Files/Unity/Hub/Editor/2020.2.4f1/Editor/Data/PlaybackEngines/WindowsStandaloneSupport/UnityEditor.WindowsStandalone.Extensions.dll
Registered in 0.005420 seconds.
Native extension for WindowsStandalone target not found
Native extension for WebGL target not found
Refreshing native plugins compatible for Editor in 68.96 ms, found 0 plugins.
Preloading 0 native plugins for Editor in 0.00 ms.
Invoked RoslynAnalysisRunner static constructor.
RoslynAnalysisRunner will not be running.
RoslynAnalysisRunner has terminated.
Mono: successfully reloaded assembly
- Completed reload, in  1.860 seconds
Platform modules already initialized, skipping
Registering precompiled user dll's ...
Registered in 0.011413 seconds.
Begin MonoManager ReloadAssembly
Native extension for WindowsStandalone target not found
Native extension for WebGL target not found
Refreshing native plugins compatible for Editor in 0.82 ms, found 0 plugins.
Preloading 0 native plugins for Editor in 0.00 ms.
Invoked RoslynAnalysisRunner static constructor.
RoslynAnalysisRunner will not be running.
RoslynAnalysisRunner has terminated.
Mono: successfully reloaded assembly
- Completed reload, in  1.035 seconds
Platform modules already initialized, skipping
========================================================================
Worker process is ready to serve import requests
Launched and connected shader compiler UnityShaderCompiler.exe after 0.11 seconds
Refreshing native plugins compatible for Editor in 0.40 ms, found 0 plugins.
Preloading 0 native plugins for Editor in 0.00 ms.
Unloading 1895 Unused Serialized files (Serialized files now loaded: 0)
System memory in use before: 84.8 MB.
System memory in use after: 84.9 MB.

Unloading 37 unused Assets to reduce memory usage. Loaded Objects now: 2324.
Total: 2.183300 ms (FindLiveObjects: 0.143600 ms CreateObjectMapping: 0.049300 ms MarkObjects: 1.915600 ms  DeleteObjects: 0.073100 ms)

========================================================================
Received Import Request.
  path: Assets/Components/ProceduralAudio/GameStart_SO.asset
  artifactKey: Guid(1064ecd62ff98734eaaacf43df82946d) Importer(815301076,1909f56bfc062723c751e8b465ee728b)
Start importing Assets/Components/ProceduralAudio/GameStart_SO.asset using Guid(1064ecd62ff98734eaaacf43df82946d) Importer(815301076,1909f56bfc062723c751e8b465ee728b)  -> (artifact id: '7e90086747e2c13a9a70d46bab0b798e') in 0.128408 seconds
  Import took 0.136072 seconds .

========================================================================
Received Import Request.
  Time since last request: 17.042770 seconds.
  path: Assets/Scripts/Audio/ProceduralAudioManager.cs
  artifactKey: Guid(579f4fbfb64722748875d81762a6dbb1) Importer(815301076,1909f56bfc062723c751e8b465ee728b)
Start importing Assets/Scripts/Audio/ProceduralAudioManager.cs using Guid(579f4fbfb64722748875d81762a6dbb1) Importer(815301076,1909f56bfc062723c751e8b465ee728b)  -> (artifact id: '3fae64f4274c4921105e214f5282fd5a') in 0.023829 seconds
  Import took 0.027393 seconds .

========================================================================
Received Import Request.
  Time since last request: 0.009428 seconds.
  path: Assets/Scripts/Audio/ProceduralAudioManager.cs
  artifactKey: Guid(579f4fbfb64722748875d81762a6dbb1) Importer(815301076,1909f56bfc062723c751e8b465ee728b)
Start importing Assets/Scripts/Audio/ProceduralAudioManager.cs using Guid(579f4fbfb64722748875d81762a6dbb1) Importer(815301076,1909f56bfc062723c751e8b465ee728b)  -> (artifact id: '3fae64f4274c4921105e214f5282fd5a') in 0.003818 seconds
  Import took 0.007054 seconds .

========================================================================
Received Import Request.
  Time since last request: 129.906112 seconds.
  path: Assets/Scripts/View/Control/GameAudio.cs
  artifactKey: Guid(b232d9a1b0996124fb60ca0938238250) Importer(815301076,1909f56bfc062723c751e8b465ee728b)
Start importing Assets/Scripts/View/Control/GameAudio.cs using Guid(b232d9a1b0996124fb60ca0938238250) Importer(815301076,1909f56bfc062723c751e8b465ee728b)  -> (artifact id: '15f0958463bd6509372c322233dc7bd7') in 0.023667 seconds
  Import took 0.053117 seconds .

========================================================================
Received Import Request.
  Time since last request: 2.197607 seconds.
  path: Assets/Scripts/View/Control/GameBoardAudio.cs
  artifactKey: Guid(9b27022672900a94480dea9795c9aff9) Importer(815301076,1909f56bfc062723c751e8b465ee728b)
Start importing Assets/Scripts/View/Control/GameBoardAudio.cs using Guid(9b27022672900a94480dea9795c9aff9) Importer(815301076,1909f56bfc062723c751e8b465ee728b)  -> (artifact id: '69e20b8776806bc17b8cc1c74ffb5379') in 0.029215 seconds
  Import took 0.033324 seconds .

========================================================================
Received Import Request.
  Time since last request: 92.583073 seconds.
  path: Assets/Components/ProceduralAudio/NewProceduralAudioPreset.asset
  artifactKey: Guid(8512454f4f698e04dbcc2859a439dd00) Importer(815301076,1909f56bfc062723c751e8b465ee728b)
Start importing Assets/Components/ProceduralAudio/NewProceduralAudioPreset.asset using Guid(8512454f4f698e04dbcc2859a439dd00) Importer(815301076,1909f56bfc062723c751e8b465ee728b)  -> (artifact id: 'bc38910a0715b108e6bd7a6421ff619a') in 0.023848 seconds
  Import took 0.032163 seconds .

========================================================================
Received Prepare
Registering precompiled user dll's ...
Registered in 0.003929 seconds.
Begin MonoManager ReloadAssembly
Native extension for WindowsStandalone target not found
Native extension for WebGL target not found
Refreshing native plugins compatible for Editor in 0.80 ms, found 0 plugins.
Preloading 0 native plugins for Editor in 0.00 ms.
Invoked RoslynAnalysisRunner static constructor.
RoslynAnalysisRunner will not be running.
RoslynAnalysisRunner has terminated.
Mono: successfully reloaded assembly
- Completed reload, in  2.230 seconds
Platform modules already initialized, skipping
Refreshing native plugins compatible for Editor in 1.95 ms, found 0 plugins.
Preloading 0 native plugins for Editor in 0.00 ms.
Unloading 1864 Unused Serialized files (Serialized files now loaded: 0)
System memory in use before: 82.6 MB.
System memory in use after: 82.7 MB.

Unloading 28 unused Assets to reduce memory usage. Loaded Objects now: 2326.
Total: 3.772600 ms (FindLiveObjects: 0.430200 ms CreateObjectMapping: 0.119400 ms MarkObjects: 3.145500 ms  DeleteObjects: 0.074300 ms)

========================================================================
Received Import Request.
  Time since last request: 412.619355 seconds.
  path: Assets/Scripts/Audio/SongManager.cs
  artifactKey: Guid(1d931d7ac26e3de4f86a1d85190e108b) Importer(815301076,1909f56bfc062723c751e8b465ee728b)
Start importing Assets/Scripts/Audio/SongManager.cs using Guid(1d931d7ac26e3de4f86a1d85190e108b) Importer(815301076,1909f56bfc062723c751e8b465ee728b)  -> (artifact id: 'e6bbd09a71953160fa32f381b890d02d') in 0.052710 seconds
  Import took 0.110096 seconds .

========================================================================
Received Import Request.
  Time since last request: 34.226742 seconds.
  path: Assets/Scripts/Audio/AdditiveKeyboardController.cs
  artifactKey: Guid(6449aed1136e26a429dc945007d4427a) Importer(815301076,1909f56bfc062723c751e8b465ee728b)
Start importing Assets/Scripts/Audio/AdditiveKeyboardController.cs using Guid(6449aed1136e26a429dc945007d4427a) Importer(815301076,1909f56bfc062723c751e8b465ee728b)  -> (artifact id: '54be17600557eef5b9f85794a710c5f1') in 0.020456 seconds
  Import took 0.026607 seconds .

========================================================================
Received Import Request.
  Time since last request: 20.113057 seconds.
  path: Assets/Scripts/Audio/AdditiveKeyboardController.cs
  artifactKey: Guid(6449aed1136e26a429dc945007d4427a) Importer(815301076,1909f56bfc062723c751e8b465ee728b)
Start importing Assets/Scripts/Audio/AdditiveKeyboardController.cs using Guid(6449aed1136e26a429dc945007d4427a) Importer(815301076,1909f56bfc062723c751e8b465ee728b)  -> (artifact id: '94dec60e4da7bbb3bdd92865e76b17bf') in 0.006087 seconds
  Import took 0.011976 seconds .

========================================================================
Received Prepare
Registering precompiled user dll's ...
Registered in 0.003347 seconds.
Begin MonoManager ReloadAssembly
Native extension for WindowsStandalone target not found
Native extension for WebGL target not found
Refreshing native plugins compatible for Editor in 0.76 ms, found 0 plugins.
Preloading 0 native plugins for Editor in 0.00 ms.
Invoked RoslynAnalysisRunner static constructor.
RoslynAnalysisRunner will not be running.
RoslynAnalysisRunner has terminated.
Mono: successfully reloaded assembly
- Completed reload, in  0.853 seconds
Platform modules already initialized, skipping
Refreshing native plugins compatible for Editor in 0.44 ms, found 0 plugins.
Preloading 0 native plugins for Editor in 0.00 ms.
Unloading 1866 Unused Serialized files (Serialized files now loaded: 0)
System memory in use before: 82.7 MB.
System memory in use after: 82.8 MB.

Unloading 28 unused Assets to reduce memory usage. Loaded Objects now: 2330.
Total: 2.193600 ms (FindLiveObjects: 0.369300 ms CreateObjectMapping: 0.120800 ms MarkObjects: 1.669600 ms  DeleteObjects: 0.031900 ms)

========================================================================
Received Import Request.
  Time since last request: 18.830857 seconds.
  path: Assets/Scripts/Audio/SongManager.cs
  artifactKey: Guid(1d931d7ac26e3de4f86a1d85190e108b) Importer(815301076,1909f56bfc062723c751e8b465ee728b)
Start importing Assets/Scripts/Audio/SongManager.cs using Guid(1d931d7ac26e3de4f86a1d85190e108b) Importer(815301076,1909f56bfc062723c751e8b465ee728b)  -> (artifact id: 'fea2e5e1bc4a3f7c1e95357945199a17') in 0.012594 seconds
  Import took 0.024038 seconds .

