Using pre-set license
Built from '2020.2/release' branch; Version is '2020.2.4f1 (becced5a802b) revision 12504301'; Using compiler version '192528614'; Build Type 'Release'
OS: 'Windows 10 Pro; OS build 26200.9457; Version 2009; 64bit' Language: 'en' Physical Memory: 65319 MB
BatchMode: 1, IsHumanControllingUs: 0, StartBugReporterOnCrash: 0, Is64bit: 1, IsPro: 0

 COMMAND LINE ARGUMENTS:
C:\Program Files\Unity\Hub\Editor\2020.2.4f1\Editor\Unity.exe
-adb2
-batchMode
-noUpm
-name
AssetImportWorker0
-projectPath
C:/Users/andre/Documents/GitHub/nodulus_AudioProcedural
-logFile
Logs/AssetImportWorker0.log
-srvPort
64834
Successfully changed project path to: C:/Users/andre/Documents/GitHub/nodulus_AudioProcedural
C:/Users/andre/Documents/GitHub/nodulus_AudioProcedural
Using Asset Import Pipeline V2.
Refreshing native plugins compatible for Editor in 39.98 ms, found 0 plugins.
Preloading 0 native plugins for Editor in 0.00 ms.
Initialize engine version: 2020.2.4f1 (becced5a802b)
[Subsystems] Discovering subsystems at path C:/Program Files/Unity/Hub/Editor/2020.2.4f1/Editor/Data/Resources/UnitySubsystems
[Subsystems] Discovering subsystems at path C:/Users/andre/Documents/GitHub/nodulus_AudioProcedural/Assets
GfxDevice: creating device client; threaded=0
Direct3D:
    Version:  Direct3D 11.0 [level 11.1]
    Renderer: AMD Radeon RX 6600 (ID=0x73ff)
    Vendor:   
    VRAM:     8147 MB
    Driver:   32.0.21045.5002
Initialize mono
Mono path[0] = 'C:/Program Files/Unity/Hub/Editor/2020.2.4f1/Editor/Data/Managed'
Mono path[1] = 'C:/Program Files/Unity/Hub/Editor/2020.2.4f1/Editor/Data/MonoBleedingEdge/lib/mono/unityjit'
Mono config path = 'C:/Program Files/Unity/Hub/Editor/2020.2.4f1/Editor/Data/MonoBleedingEdge/etc'
Using monoOptions --debugger-agent=transport=dt_socket,embedding=1,server=y,suspend=n,address=127.0.0.1:56628
Begin MonoManager ReloadAssembly
Registering precompiled unity dll's ...
Register platform support module: C:/Program Files/Unity/Hub/Editor/2020.2.4f1/Editor/Data/PlaybackEngines/WindowsStandaloneSupport/UnityEditor.WindowsStandalone.Extensions.dll
Registered in 0.001538 seconds.
Native extension for WindowsStandalone target not found
Refreshing native plugins compatible for Editor in 33.25 ms, found 0 plugins.
Preloading 0 native plugins for Editor in 0.00 ms.
Invoked RoslynAnalysisRunner static constructor.
RoslynAnalysisRunner will not be running.
RoslynAnalysisRunner has terminated.
Mono: successfully reloaded assembly
- Completed reload, in  0.853 seconds
Platform modules already initialized, skipping
Registering precompiled user dll's ...
Registered in 0.003426 seconds.
Begin MonoManager ReloadAssembly
Native extension for WindowsStandalone target not found
Refreshing native plugins compatible for Editor in 0.46 ms, found 0 plugins.
Preloading 0 native plugins for Editor in 0.00 ms.
Invoked RoslynAnalysisRunner static constructor.
RoslynAnalysisRunner will not be running.
RoslynAnalysisRunner has terminated.
Mono: successfully reloaded assembly
- Completed reload, in  0.667 seconds
Platform modules already initialized, skipping
========================================================================
Worker process is ready to serve import requests
Launched and connected shader compiler UnityShaderCompiler.exe after 0.04 seconds
Refreshing native plugins compatible for Editor in 0.48 ms, found 0 plugins.
Preloading 0 native plugins for Editor in 0.00 ms.
Unloading 1897 Unused Serialized files (Serialized files now loaded: 0)
System memory in use before: 85.0 MB.
System memory in use after: 85.0 MB.

Unloading 37 unused Assets to reduce memory usage. Loaded Objects now: 2326.
Total: 2.232400 ms (FindLiveObjects: 0.261600 ms CreateObjectMapping: 0.099300 ms MarkObjects: 1.791600 ms  DeleteObjects: 0.078800 ms)

========================================================================
Received Import Request.
  path: Assets/Scripts/Audio
  artifactKey: Guid(350a28257c03f8b4aa4e9a231b2414d0) Importer(815301076,1909f56bfc062723c751e8b465ee728b)
Start importing Assets/Scripts/Audio using Guid(350a28257c03f8b4aa4e9a231b2414d0) Importer(815301076,1909f56bfc062723c751e8b465ee728b)  -> (artifact id: 'ca39071fe27c2bd0f8998ec537f25327') in 0.011059 seconds
  Import took 0.014109 seconds .

========================================================================
Received Import Request.
  Time since last request: 36.627533 seconds.
  path: Assets/Scripts/Audio/ProceduralAudioSO.cs
  artifactKey: Guid(400c1939d46108b43a90f32704d233a9) Importer(815301076,1909f56bfc062723c751e8b465ee728b)
Start importing Assets/Scripts/Audio/ProceduralAudioSO.cs using Guid(400c1939d46108b43a90f32704d233a9) Importer(815301076,1909f56bfc062723c751e8b465ee728b)  -> (artifact id: '99183a3e90e49d084882d886d8632193') in 0.051058 seconds
  Import took 0.053733 seconds .

========================================================================
Received Import Request.
  Time since last request: 39.296920 seconds.
  path: Assets/Components/ProceduralAudio/ArcMoveHigh_SO.asset
  artifactKey: Guid(b097d6a5bde03c448b8b362df0574ae0) Importer(815301076,1909f56bfc062723c751e8b465ee728b)
Start importing Assets/Components/ProceduralAudio/ArcMoveHigh_SO.asset using Guid(b097d6a5bde03c448b8b362df0574ae0) Importer(815301076,1909f56bfc062723c751e8b465ee728b)  -> (artifact id: '60d60f1249ebd9fb1fef5723c16b2043') in 0.019122 seconds
  Import took 0.021739 seconds .

========================================================================
Received Import Request.
  Time since last request: 0.000181 seconds.
  path: Assets/Components/ProceduralAudio/MenuSelect_SO.asset
  artifactKey: Guid(9382db59e1bd5c2449ce30aaa39a7121) Importer(815301076,1909f56bfc062723c751e8b465ee728b)
Start importing Assets/Components/ProceduralAudio/MenuSelect_SO.asset using Guid(9382db59e1bd5c2449ce30aaa39a7121) Importer(815301076,1909f56bfc062723c751e8b465ee728b)  -> (artifact id: '42b7118095266768c6bcd1ec6fe37813') in 0.008842 seconds
  Import took 0.011203 seconds .

========================================================================
Received Import Request.
  Time since last request: 0.000181 seconds.
  path: Assets/Components/ProceduralAudio/MovePullMid_SO.asset
  artifactKey: Guid(0b6332b18802cd04a8666a02a1030ef7) Importer(815301076,1909f56bfc062723c751e8b465ee728b)
Start importing Assets/Components/ProceduralAudio/MovePullMid_SO.asset using Guid(0b6332b18802cd04a8666a02a1030ef7) Importer(815301076,1909f56bfc062723c751e8b465ee728b)  -> (artifact id: '4032cb49d21a8704cce095974a25d586') in 0.008180 seconds
  Import took 0.010759 seconds .

========================================================================
Received Import Request.
  Time since last request: 0.000197 seconds.
  path: Assets/Components/ProceduralAudio/WinBoard_SO.asset
  artifactKey: Guid(7ae6ae8020400bf4b9c8f49aae1bc722) Importer(815301076,1909f56bfc062723c751e8b465ee728b)
Start importing Assets/Components/ProceduralAudio/WinBoard_SO.asset using Guid(7ae6ae8020400bf4b9c8f49aae1bc722) Importer(815301076,1909f56bfc062723c751e8b465ee728b)  -> (artifact id: '62b17b8156a96607b92d565deaf59323') in 0.007670 seconds
  Import took 0.010135 seconds .

========================================================================
Received Import Request.
  Time since last request: 0.000186 seconds.
  path: Assets/Components/ProceduralAudio/MovePushHigh_SO.asset
  artifactKey: Guid(2a47f65125584864b9c208b89de7b54a) Importer(815301076,1909f56bfc062723c751e8b465ee728b)
Start importing Assets/Components/ProceduralAudio/MovePushHigh_SO.asset using Guid(2a47f65125584864b9c208b89de7b54a) Importer(815301076,1909f56bfc062723c751e8b465ee728b)  -> (artifact id: '9fb88e4bf5233194446a58b2af806ede') in 0.008821 seconds
  Import took 0.011358 seconds .

========================================================================
Received Import Request.
  Time since last request: 0.000183 seconds.
  path: Assets/Components/ProceduralAudio/MovePushMid_SO.asset
  artifactKey: Guid(db7de0f716481f3478bb4a0f8146d612) Importer(815301076,1909f56bfc062723c751e8b465ee728b)
Start importing Assets/Components/ProceduralAudio/MovePushMid_SO.asset using Guid(db7de0f716481f3478bb4a0f8146d612) Importer(815301076,1909f56bfc062723c751e8b465ee728b)  -> (artifact id: 'a43b08240575ca599a8cefe3c31a86bf') in 0.008470 seconds
  Import took 0.010815 seconds .

========================================================================
Received Import Request.
  Time since last request: 0.000224 seconds.
  path: Assets/Components/ProceduralAudio/ArcMoveLow_SO.asset
  artifactKey: Guid(8852ae4928ebd314494979cf901139a9) Importer(815301076,1909f56bfc062723c751e8b465ee728b)
Start importing Assets/Components/ProceduralAudio/ArcMoveLow_SO.asset using Guid(8852ae4928ebd314494979cf901139a9) Importer(815301076,1909f56bfc062723c751e8b465ee728b)  -> (artifact id: 'fc8d7fe508d5f3bba52ca3d44b0349d6') in 0.007614 seconds
  Import took 0.011150 seconds .

========================================================================
Received Import Request.
  Time since last request: 0.000198 seconds.
  path: Assets/Components/ProceduralAudio/InvalidRotate_SO.asset
  artifactKey: Guid(cc1d7afc08fd01b4c9383dee99d76b5e) Importer(815301076,1909f56bfc062723c751e8b465ee728b)
Start importing Assets/Components/ProceduralAudio/InvalidRotate_SO.asset using Guid(cc1d7afc08fd01b4c9383dee99d76b5e) Importer(815301076,1909f56bfc062723c751e8b465ee728b)  -> (artifact id: 'cbb045d68e6181460ff88daf151568f8') in 0.007940 seconds
  Import took 0.010430 seconds .

========================================================================
Received Import Request.
  Time since last request: 0.000170 seconds.
  path: Assets/Components/ProceduralAudio/MovePushLow_SO.asset
  artifactKey: Guid(f8d71d386c643d443ae33dfcb0baacc0) Importer(815301076,1909f56bfc062723c751e8b465ee728b)
Start importing Assets/Components/ProceduralAudio/MovePushLow_SO.asset using Guid(f8d71d386c643d443ae33dfcb0baacc0) Importer(815301076,1909f56bfc062723c751e8b465ee728b)  -> (artifact id: '24ce7df9d3a01b34fd3a74071b5e7a61') in 0.007425 seconds
  Import took 0.009814 seconds .

========================================================================
Received Import Request.
  Time since last request: 0.000187 seconds.
  path: Assets/Components/ProceduralAudio/NodeRotate90_SO.asset
  artifactKey: Guid(dcf119cc2452c194089caa5d3619f7c7) Importer(815301076,1909f56bfc062723c751e8b465ee728b)
Start importing Assets/Components/ProceduralAudio/NodeRotate90_SO.asset using Guid(dcf119cc2452c194089caa5d3619f7c7) Importer(815301076,1909f56bfc062723c751e8b465ee728b)  -> (artifact id: 'e0cbc79103b6df7ff94908c06e1941d3') in 0.007619 seconds
  Import took 0.010326 seconds .

========================================================================
Received Import Request.
  Time since last request: 0.000257 seconds.
  path: Assets/Components/ProceduralAudio/LevelEnable_SO.asset
  artifactKey: Guid(4500afbcef9d11d4ba1b4472805115e2) Importer(815301076,1909f56bfc062723c751e8b465ee728b)
Start importing Assets/Components/ProceduralAudio/LevelEnable_SO.asset using Guid(4500afbcef9d11d4ba1b4472805115e2) Importer(815301076,1909f56bfc062723c751e8b465ee728b)  -> (artifact id: '5d4e0d6faa07dc86b0518e60abf10779') in 0.008295 seconds
  Import took 0.010807 seconds .

========================================================================
Received Import Request.
  Time since last request: 0.000186 seconds.
  path: Assets/Components/ProceduralAudio/ArcMoveMid_SO.asset
  artifactKey: Guid(717f53afb269e4a479140ac8fd3c7d16) Importer(815301076,1909f56bfc062723c751e8b465ee728b)
Start importing Assets/Components/ProceduralAudio/ArcMoveMid_SO.asset using Guid(717f53afb269e4a479140ac8fd3c7d16) Importer(815301076,1909f56bfc062723c751e8b465ee728b)  -> (artifact id: '87b3e9a6b1632785b1e4e967c5ffb089') in 0.007757 seconds
  Import took 0.010102 seconds .

========================================================================
Received Import Request.
  Time since last request: 0.000216 seconds.
  path: Assets/Components/ProceduralAudio/NodeLeave_SO.asset
  artifactKey: Guid(04424f4717c317044a9ea25685677c3b) Importer(815301076,1909f56bfc062723c751e8b465ee728b)
Start importing Assets/Components/ProceduralAudio/NodeLeave_SO.asset using Guid(04424f4717c317044a9ea25685677c3b) Importer(815301076,1909f56bfc062723c751e8b465ee728b)  -> (artifact id: '8d6473078eaf79d3a825ffcf1b0a08f9') in 0.007636 seconds
  Import took 0.010027 seconds .

========================================================================
Received Import Request.
  Time since last request: 0.000188 seconds.
  path: Assets/Components/ProceduralAudio/MovePullHigh_SO.asset
  artifactKey: Guid(4708ec22ec33c4d4286f856521cea5fd) Importer(815301076,1909f56bfc062723c751e8b465ee728b)
Start importing Assets/Components/ProceduralAudio/MovePullHigh_SO.asset using Guid(4708ec22ec33c4d4286f856521cea5fd) Importer(815301076,1909f56bfc062723c751e8b465ee728b)  -> (artifact id: '76b0d259f3a0cefd726d033ab0a218bc') in 0.008333 seconds
  Import took 0.010768 seconds .

========================================================================
Received Import Request.
  Time since last request: 0.000211 seconds.
  path: Assets/Components/ProceduralAudio/GameEnd_SO.asset
  artifactKey: Guid(f26d5bb1a7deb444e94c76d589e37041) Importer(815301076,1909f56bfc062723c751e8b465ee728b)
Start importing Assets/Components/ProceduralAudio/GameEnd_SO.asset using Guid(f26d5bb1a7deb444e94c76d589e37041) Importer(815301076,1909f56bfc062723c751e8b465ee728b)  -> (artifact id: '4fe9412a58f22b5879fdcca0c629dcef') in 0.007749 seconds
  Import took 0.010749 seconds .

========================================================================
Received Import Request.
  Time since last request: 0.000195 seconds.
  path: Assets/Components/ProceduralAudio/NodeEnter_SO.asset
  artifactKey: Guid(82ac38f05750e0d43a0df0ad7dd1a02f) Importer(815301076,1909f56bfc062723c751e8b465ee728b)
Start importing Assets/Components/ProceduralAudio/NodeEnter_SO.asset using Guid(82ac38f05750e0d43a0df0ad7dd1a02f) Importer(815301076,1909f56bfc062723c751e8b465ee728b)  -> (artifact id: '6a7c04612068ff5de8640bcf1fe14eb9') in 0.007351 seconds
  Import took 0.009772 seconds .

========================================================================
Received Import Request.
  Time since last request: 0.000189 seconds.
  path: Assets/Components/ProceduralAudio/GameStart_SO.asset
  artifactKey: Guid(1064ecd62ff98734eaaacf43df82946d) Importer(815301076,1909f56bfc062723c751e8b465ee728b)
Start importing Assets/Components/ProceduralAudio/GameStart_SO.asset using Guid(1064ecd62ff98734eaaacf43df82946d) Importer(815301076,1909f56bfc062723c751e8b465ee728b)  -> (artifact id: '236a1e44f08fb937c26efb6178b440fe') in 0.008453 seconds
  Import took 0.011155 seconds .

========================================================================
Received Import Request.
  Time since last request: 0.000180 seconds.
  path: Assets/Components/ProceduralAudio/MovePullLow_SO.asset
  artifactKey: Guid(57ef5e2ac1a14c842997473f51054fbe) Importer(815301076,1909f56bfc062723c751e8b465ee728b)
Start importing Assets/Components/ProceduralAudio/MovePullLow_SO.asset using Guid(57ef5e2ac1a14c842997473f51054fbe) Importer(815301076,1909f56bfc062723c751e8b465ee728b)  -> (artifact id: '74030c7b3c57a13db00bea60a5fa8831') in 0.007500 seconds
  Import took 0.009990 seconds .

========================================================================
Received Import Request.
  Time since last request: 30.017976 seconds.
  path: Assets/Components/Models/dice_mid.FBX
  artifactKey: Guid(d9e1e000bee23d4459ee95c3b4ac02b7) Importer(815301076,1909f56bfc062723c751e8b465ee728b)
Start importing Assets/Components/Models/dice_mid.FBX using Guid(d9e1e000bee23d4459ee95c3b4ac02b7) Importer(815301076,1909f56bfc062723c751e8b465ee728b)  -> (artifact id: 'c55412b76951cca9b18dc1b3b0ff8325') in 0.325244 seconds
  Import took 0.328127 seconds .

AssetImportWorkerClient::OnTransportError - code=2 error=End of file
